WARN [runner/exclusion_rules] Skipped 0 issues by rules: [Text: "comment on exported \\S+ \\S+ should be of the form \".+\"", Source: "// ?(nolint|TODO)", Linters: "revive, staticcheck"] 
WARN [runner/exclusion_rules] Skipped 0 issues by rules: [Source: "TODO", Linters: "godot"] 
WARN [runner/exclusion_rules] Skipped 0 issues by rules: [Text: "package comment should be of the form \".+\"", Source: "// ?(nolint|TODO)", Linters: "revive"] 
examples/output-capture/main.go:13:6: Function 'main' has too many statements (74 > 50) (funlen)
func main() {
     ^
target/targets.go:6:2: Lint is a global variable (gochecknoglobals)
        Lint = Cmd("Lint", "Run code linters", "golangci-lint", "run", "./...")
        ^
target/targets.go:8:2: Test is a global variable (gochecknoglobals)
        Test = CmdWithDeps("Test", "Run unit tests", []T{Lint}, "go", "test", "./...")
        ^
target/targets.go:10:2: Build is a global variable (gochecknoglobals)
        Build = CmdWithDeps("Build", "Build binaries/artifacts", []T{Test}, "go", "build", "./cmd/...")
        ^
target/targets.go:12:2: All is a global variable (gochecknoglobals)
        All = New("All", "Run full CI pipeline", func(ctx context.Context) error {
        ^
engine.go:63:1: cognitive complexity 23 of func `detectCycles` is high (> 20) (gocognit)
func detectCycles(targets ...target.T) error {
^
engine.go:189:1: cognitive complexity 71 of func `run` is high (> 20) (gocognit)
func run(ctx context.Context, handler EventHandler, targets ...target.T) (map[string]Result, error) {
^
engine_test.go:16:1: cognitive complexity 82 of func `TestRun` is high (> 20) (gocognit)
func TestRun(t *testing.T) {
^
engine_test.go:650:1: cognitive complexity 45 of func `TestResultFields` is high (> 20) (gocognit)
func TestResultFields(t *testing.T) {
^
events_test.go:542:1: cognitive complexity 25 of func `TestDiamondDAGEvents` is high (> 20) (gocognit)
func TestDiamondDAGEvents(t *testing.T) {
^
integration_test.go:524:1: cognitive complexity 22 of func `TestEndToEndComplexDAGWithEvents` is high (> 20) (gocognit)
func TestEndToEndComplexDAGWithEvents(t *testing.T) {
^
render/tui.go:59:37: string `skipped` has 3 occurrences, make it a constant (goconst)
                        r.targetStatus[e.TargetName()] = "skipped"
                                                         ^
render/tui.go:139:13: string `✓` has 3 occurrences, make it a constant (goconst)
                symbol := "✓"
                          ^
engine_test.go:532:73: captLocal: `TargetName' should not be capitalized (gocritic)
func assertTargetCompleted(tb testing.TB, results map[string]ci.Result, TargetName string, wantErr, wantSkipped bool) {
                                                                        ^
render/tui.go:56:3: ifElseChain: rewrite if-else to switch statement (gocritic)
                if e.Error != nil {
                ^
engine_bench_test.go:11:1: Comment should end in a period (godot)
// BenchmarkSimpleDAG benchmarks a simple linear dependency chain: A -> C
^
engine_bench_test.go:45:1: Comment should end in a period (godot)
// BenchmarkWideDAG benchmarks a wide dependency graph with many parallel targets
^
engine_bench_test.go:66:1: Comment should end in a period (godot)
// BenchmarkDeepDAG benchmarks a deep linear dependency chain
^
engine_bench_test.go:82:1: Comment should end in a period (godot)
// BenchmarkComplexDAG benchmarks a complex multi-level dependency graph
^
engine_bench_test.go:100:1: Comment should end in a period (godot)
// BenchmarkIndependentTargets benchmarks multiple independent targets with no dependencies
^
engine_test.go:937:1: Comment should end in a period (godot)
// Helper function
^
examples/renderers/main.go:92:1: Comment should end in a period (godot)
// countEventType is a generic helper to count events of a specific type
^
engine_bench_test.go:26:1: File is not properly formatted (goimports)
//          A
^
engine_test.go:21:1: File is not properly formatted (goimports)
                wantTargetCount   int
^
target/target_test.go:367:1: File is not properly formatted (goimports)
                name        string
^
target/types.go:58:1: File is not properly formatted (goimports)
}
^
engine.go:440:1: File is not properly formatted (golines)
func runWithCapture(ctx context.Context, targetWithStreams target.RunWithStreams, tgt target.T, handler EventHandler) error {
^
engine.go:481:2: G104: Errors unhandled (gosec)
        stdoutW.Close()
        ^
engine.go:482:2: G104: Errors unhandled (gosec)
        stderrW.Close()
        ^
target/command.go:51:9: G204: Subprocess launched with a potential tainted input or cmd arguments (gosec)
        cmd := exec.CommandContext(ctx, c.cmdName, c.args...)
               ^
engine.go:335:9: shadow: declaration of "err" shadows declaration at line 194 (govet)
                                var err error
                                    ^
engine_bench_test.go:16:2: for loop can be changed to use an integer range (Go 1.22+) (intrange)
        for i := 0; i < b.N; i++ {
        ^
engine_bench_test.go:37:2: for loop can be changed to use an integer range (Go 1.22+) (intrange)
        for i := 0; i < b.N; i++ {
        ^
engine_bench_test.go:51:2: for loop can be changed to use an integer range (Go 1.22+) (intrange)
        for i := 0; i < 10; i++ {
        ^
engine_bench_test.go:58:2: for loop can be changed to use an integer range (Go 1.22+) (intrange)
        for i := 0; i < b.N; i++ {
        ^
engine_bench_test.go:74:2: for loop can be changed to use an integer range (Go 1.22+) (intrange)
        for i := 0; i < b.N; i++ {
        ^
engine_bench_test.go:92:2: for loop can be changed to use an integer range (Go 1.22+) (intrange)
        for i := 0; i < b.N; i++ {
        ^
engine_bench_test.go:108:2: for loop can be changed to use an integer range (Go 1.22+) (intrange)
        for i := 0; i < b.N; i++ {
        ^
integration_test.go:445:2: for loop can be changed to use an integer range (Go 1.22+) (intrange)
        for i := 0; i < 10; i++ {
        ^
integration_test.go:470:2: for loop can be changed to use an integer range (Go 1.22+) (intrange)
        for i := 0; i < 10; i++ {
        ^
engine.go:447:16: Magic number: 2, in <argument> detected (mnd)
        captureWg.Add(2)
                      ^
render/tui.go:84:75: Magic number: 3, in <argument> detected (mnd)
                _, _ = r.w.Write([]byte(strings.Repeat("─", max(0, 40-len(targetName)-3))))
                                                                                        ^
render/tui.go:93:52: Magic number: 3, in <argument> detected (mnd)
                        strings.Repeat(" ", max(0, 40-len("Running...")-3)))
                                                                        ^
render/tui.go:98:21: Magic number: 5, in <condition> detected (mnd)
                if len(outputs) > 5 {
                                  ^
render/tui.go:99:30: Magic number: 5, in <operation> detected (mnd)
                        startIdx = len(outputs) - 5
                                                  ^
render/tui.go:103:19: Magic number: 37, in <condition> detected (mnd)
                        if len(line) > 37 {
                                       ^
render/tui.go:108:45: Magic number: 2, in <argument> detected (mnd)
                                strings.Repeat(" ", max(0, 40-len(line)-2)))
                                                                        ^
render/tui.go:112:49: Magic number: 40, in <argument> detected (mnd)
                _, _ = r.w.Write([]byte(strings.Repeat("─", 40)))
                                                              ^
target/target_test.go:139:14: any: interface{} can be replaced by any (modernize)
        if _, ok := interface{}(tgt).(target.RunWithStreams); !ok {
                    ^
engine_test.go:673:1: `if ok` has complex nested blocks (complexity: 8) (nestif)
        if res, ok := results["Success"]; ok {
^
engine_test.go:700:1: `if ok` has complex nested blocks (complexity: 7) (nestif)
        if res, ok := results["Failing"]; ok {
^
engine_test.go:724:1: `if ok` has complex nested blocks (complexity: 6) (nestif)
        if res, ok := results["Skipped"]; ok {
^
engine_test.go:500:11: error-format: fmt.Errorf can be replaced with errors.New (perfsprint)
                        return fmt.Errorf("error A")
                               ^
engine_test.go:504:11: error-format: fmt.Errorf can be replaced with errors.New (perfsprint)
                        return fmt.Errorf("error B")
                               ^
engine_test.go:508:11: error-format: fmt.Errorf can be replaced with errors.New (perfsprint)
                        return fmt.Errorf("error C")
                               ^
engine_bench_test.go:13:36: unused-parameter: parameter 'ctx' seems to be unused, consider removing or renaming it as _ (revive)
        a := target.New("A", "Base", func(ctx context.Context) error { return nil })
                                          ^
engine_bench_test.go:14:37: unused-parameter: parameter 'ctx' seems to be unused, consider removing or renaming it as _ (revive)
        c := target.New("C", "Final", func(ctx context.Context) error { return nil }, a)
                                           ^
engine_bench_test.go:32:36: unused-parameter: parameter 'ctx' seems to be unused, consider removing or renaming it as _ (revive)
        a := target.New("A", "Base", func(ctx context.Context) error { return nil })
                                          ^
engine_bench_test.go:33:37: unused-parameter: parameter 'ctx' seems to be unused, consider removing or renaming it as _ (revive)
        b1 := target.New("B", "Left", func(ctx context.Context) error { return nil }, a)
                                           ^
examples/output-capture/main.go:97:68: unused-parameter: parameter 'ctx' seems to be unused, consider removing or renaming it as _ (revive)
        withoutCapture := target.New("WithoutCapture", "No capture", func(ctx context.Context) error {
                                                                          ^
examples/output-capture/main.go:102:58: unused-parameter: parameter 'ctx' seems to be unused, consider removing or renaming it as _ (revive)
        allTargets := target.New("AllTargets", "Run both", func(ctx context.Context) error {
                                                                ^
examples/renderers/main.go:15:54: unused-parameter: parameter 'ctx' seems to be unused, consider removing or renaming it as _ (revive)
        lint := target.New("Lint", "Run code linters", func(ctx context.Context) error {
                                                            ^
examples/renderers/main.go:20:52: unused-parameter: parameter 'ctx' seems to be unused, consider removing or renaming it as _ (revive)
        test := target.New("Test", "Run unit tests", func(ctx context.Context) error {
                                                          ^
examples/renderers/main.go:28:54: unused-parameter: parameter 'ctx' seems to be unused, consider removing or renaming it as _ (revive)
        build := target.New("Build", "Build binaries", func(ctx context.Context) error {
                                                            ^
examples/renderers/main.go:34:56: unused-parameter: parameter 'ctx' seems to be unused, consider removing or renaming it as _ (revive)
        all := target.New("All", "Run full CI pipeline", func(ctx context.Context) error {
                                                              ^
integration_test.go:99:53: unused-parameter: parameter 'ctx' seems to be unused, consider removing or renaming it as _ (revive)
        failing := target.New("Failing", "Will fail", func(ctx context.Context) error {
                                                           ^
integration_test.go:103:65: unused-parameter: parameter 'ctx' seems to be unused, consider removing or renaming it as _ (revive)
        dependent := target.New("Dependent", "Should be skipped", func(ctx context.Context) error {
                                                                       ^
integration_test.go:140:37: unused-parameter: parameter 'ctx' seems to be unused, consider removing or renaming it as _ (revive)
        a := target.New("A", "First", func(ctx context.Context) error {
                                           ^
integration_test.go:144:38: unused-parameter: parameter 'ctx' seems to be unused, consider removing or renaming it as _ (revive)
        b := target.New("B", "Second", func(ctx context.Context) error {
                                            ^
integration_test.go:179:53: unused-parameter: parameter 'ctx' seems to be unused, consider removing or renaming it as _ (revive)
        failing := target.New("Failing", "Will fail", func(ctx context.Context) error {
                                                           ^
integration_test.go:183:53: unused-parameter: parameter 'ctx' seems to be unused, consider removing or renaming it as _ (revive)
        skipped := target.New("Skipped", "Will skip", func(ctx context.Context) error {
                                                           ^
integration_test.go:211:43: unused-parameter: parameter 'ctx' seems to be unused, consider removing or renaming it as _ (revive)
        a := target.New("A", "Test target", func(ctx context.Context) error {
                                                 ^
integration_test.go:260:36: unused-parameter: parameter 'ctx' seems to be unused, consider removing or renaming it as _ (revive)
        a := target.New("A", "Base", func(ctx context.Context) error { return nil })
                                          ^
integration_test.go:261:36: unused-parameter: parameter 'ctx' seems to be unused, consider removing or renaming it as _ (revive)
        b := target.New("B", "Left", func(ctx context.Context) error { return nil }, a)
                                          ^
integration_test.go:262:37: unused-parameter: parameter 'ctx' seems to be unused, consider removing or renaming it as _ (revive)
        c := target.New("C", "Right", func(ctx context.Context) error { return nil }, a)
                                           ^
integration_test.go:263:37: unused-parameter: parameter 'ctx' seems to be unused, consider removing or renaming it as _ (revive)
        d := target.New("D", "Final", func(ctx context.Context) error { return nil }, b, c)
                                           ^
integration_test.go:289:36: unused-parameter: parameter 'ctx' seems to be unused, consider removing or renaming it as _ (revive)
        a := target.New("A", "Base", func(ctx context.Context) error {
                                          ^
integration_test.go:294:44: unused-parameter: parameter 'ctx' seems to be unused, consider removing or renaming it as _ (revive)
        b := target.New("B", "Depends on A", func(ctx context.Context) error {
                                                  ^
integration_test.go:389:48: unused-parameter: parameter 'ctx' seems to be unused, consider removing or renaming it as _ (revive)
        tgt := target.New("Test", "Test target", func(ctx context.Context) error {
                                                      ^
integration_test.go:447:46: unused-parameter: parameter 'ctx' seems to be unused, consider removing or renaming it as _ (revive)
                targets[i] = target.New(name, "Test", func(ctx context.Context) error {
                                                           ^
integration_test.go:528:36: unused-parameter: parameter 'ctx' seems to be unused, consider removing or renaming it as _ (revive)
        a := target.New("A", "Base", func(ctx context.Context) error { return nil })
                                          ^
integration_test.go:529:39: unused-parameter: parameter 'ctx' seems to be unused, consider removing or renaming it as _ (revive)
        b := target.New("B", "Level 2", func(ctx context.Context) error { return nil }, a)
                                             ^
integration_test.go:530:39: unused-parameter: parameter 'ctx' seems to be unused, consider removing or renaming it as _ (revive)
        c := target.New("C", "Level 2", func(ctx context.Context) error { return nil }, a)
                                             ^
integration_test.go:531:39: unused-parameter: parameter 'ctx' seems to be unused, consider removing or renaming it as _ (revive)
        d := target.New("D", "Level 3", func(ctx context.Context) error { return nil }, b, c)
                                             ^
integration_test.go:532:39: unused-parameter: parameter 'ctx' seems to be unused, consider removing or renaming it as _ (revive)
        e := target.New("E", "Level 3", func(ctx context.Context) error { return nil }, c)
                                             ^
integration_test.go:533:37: unused-parameter: parameter 'ctx' seems to be unused, consider removing or renaming it as _ (revive)
        f := target.New("F", "Final", func(ctx context.Context) error { return nil }, d, e)
                                           ^
output_capture_test.go:113:57: unused-parameter: parameter 'ctx' seems to be unused, consider removing or renaming it as _ (revive)
        tgt := target.New("NoCapture", "No capture test", func(ctx context.Context) error {
                                                               ^
output_capture_test.go:205:68: unused-parameter: parameter 'ctx' seems to be unused, consider removing or renaming it as _ (revive)
        withoutCapture := target.New("WithoutCapture", "No capture", func(ctx context.Context) error {
                                                                          ^
render/render_test.go:18:46: unused-parameter: parameter 'ctx' seems to be unused, consider removing or renaming it as _ (revive)
        return target.New(name, "Test target", func(ctx context.Context) error {
                                                    ^
render/render_test.go:529:36: unused-parameter: parameter 'ctx' seems to be unused, consider removing or renaming it as _ (revive)
        a := target.New("A", "Base", func(ctx context.Context) error {
                                          ^
render/render_test.go:533:44: unused-parameter: parameter 'ctx' seems to be unused, consider removing or renaming it as _ (revive)
        b := target.New("B", "Depends on A", func(ctx context.Context) error {
                                                  ^
render/render_test.go:577:36: unused-parameter: parameter 'ctx' seems to be unused, consider removing or renaming it as _ (revive)
        a := target.New("A", "Test", func(ctx context.Context) error {
                                          ^
render/render_test.go:602:36: unused-parameter: parameter 'ctx' seems to be unused, consider removing or renaming it as _ (revive)
        a := target.New("A", "Test", func(ctx context.Context) error {
                                          ^
render/render_test.go:630:36: unused-parameter: parameter 'ctx' seems to be unused, consider removing or renaming it as _ (revive)
        a := target.New("A", "Base", func(ctx context.Context) error {
                                          ^
render/render_test.go:634:44: unused-parameter: parameter 'ctx' seems to be unused, consider removing or renaming it as _ (revive)
        b := target.New("B", "Depends on A", func(ctx context.Context) error {
                                                  ^
render/tui.go:153:1: redefines-builtin-id: redefinition of the built-in function max (revive)
func max(a, b int) int {
        if a > b {
                return a
        }
        return b
}
target/target_test.go:16:13: unused-parameter: parameter 'ctx' seems to be unused, consider removing or renaming it as _ (revive)
        fn := func(ctx context.Context) error {
                   ^
target/target_test.go:49:54: unused-parameter: parameter 'ctx' seems to be unused, consider removing or renaming it as _ (revive)
        dep1 := target.New("Dep1", "First dependency", func(ctx context.Context) error {
                                                            ^
target/target_test.go:53:55: unused-parameter: parameter 'ctx' seems to be unused, consider removing or renaming it as _ (revive)
        dep2 := target.New("Dep2", "Second dependency", func(ctx context.Context) error {
                                                             ^
target/target_test.go:57:48: unused-parameter: parameter 'ctx' seems to be unused, consider removing or renaming it as _ (revive)
        tgt := target.New("Main", "Main target", func(ctx context.Context) error {
                                                      ^
target/target_test.go:79:53: unused-parameter: parameter 'ctx' seems to be unused, consider removing or renaming it as _ (revive)
        tgt := target.New("ErrorTarget", "Will fail", func(ctx context.Context) error {
                                                           ^
target/target_test.go:156:48: unused-parameter: parameter 'ctx' seems to be unused, consider removing or renaming it as _ (revive)
        dep1 := target.New("Dep1", "Dependency", func(ctx context.Context) error {
                                                      ^
target/target_test.go:449:26: unused-parameter: parameter 't' seems to be unused, consider removing or renaming it as _ (revive)
func TestTargetInterface(t *testing.T) {
                         ^
target/target_test.go:451:56: unused-parameter: parameter 'ctx' seems to be unused, consider removing or renaming it as _ (revive)
        tgt := target.New("Interface", "Test interface", func(ctx context.Context) error {
                                                              ^
target/target_test.go:466:34: unused-parameter: parameter 't' seems to be unused, consider removing or renaming it as _ (revive)
func TestRunWithStreamsInterface(t *testing.T) {
                                 ^
integration_test.go:496:4: QF1003: could use tagged switch on output.Stream (staticcheck)
                        if output.Stream == ci.StreamStdout {
                        ^
106 issues:
* funlen: 1
* gochecknoglobals: 4
* gocognit: 6
* goconst: 2
* gocritic: 2
* godot: 7
* goimports: 4
* golines: 1
* gosec: 3
* govet: 1
* intrange: 9
* mnd: 8
* modernize: 1
* nestif: 3
* perfsprint: 3
* revive: 50
* staticcheck: 1